2026-08-28 18:01:56,449 INFO o.a.j.u.JMeterUtils: Setting Locale to en_EN
2026-08-28 18:01:56,464 INFO o.a.j.JMeter: Loading user properties from: D:\apache-jmeter-5.6.3\bin\user.properties
2026-08-28 18:01:56,465 INFO o.a.j.JMeter: Loading system properties from: D:\apache-jmeter-5.6.3\bin\system.properties
2026-08-28 18:01:56,471 INFO o.a.j.JMeter: Copyright (c) 1998-2024 The Apache Software Foundation
2026-08-28 18:01:56,471 INFO o.a.j.JMeter: Version 5.6.3
2026-08-28 18:01:56,471 INFO o.a.j.JMeter: java.version=25.0.4
2026-08-28 18:01:56,471 INFO o.a.j.JMeter: java.vm.name=OpenJDK 64-Bit Server VM
2026-08-28 18:01:56,471 INFO o.a.j.JMeter: os.name=Windows 11
2026-08-28 18:01:56,471 INFO o.a.j.JMeter: os.arch=amd64
2026-08-28 18:01:56,471 INFO o.a.j.JMeter: os.version=10.0
2026-08-28 18:01:56,471 INFO o.a.j.JMeter: file.encoding=UTF-8
2026-08-28 18:01:56,471 INFO o.a.j.JMeter: java.awt.headless=true
2026-08-28 18:01:56,471 INFO o.a.j.JMeter: Max memory     =1073741824
2026-08-28 18:01:56,471 INFO o.a.j.JMeter: Available Processors =16
2026-08-28 18:01:56,483 INFO o.a.j.JMeter: Default Locale=English (EN)
2026-08-28 18:01:56,483 INFO o.a.j.JMeter: JMeter  Locale=English (EN)
2026-08-28 18:01:56,483 INFO o.a.j.JMeter: JMeterHome=D:\apache-jmeter-5.6.3
2026-08-28 18:01:56,483 INFO o.a.j.JMeter: user.dir  =D:\Proyecto\evaluacion-IPLACEX\taller-pruebas-unitarias
2026-08-28 18:01:56,484 INFO o.a.j.JMeter: PWD       =D:\Proyecto\evaluacion-IPLACEX\taller-pruebas-unitarias
2026-08-28 18:01:56,484 INFO o.a.j.JMeter: IP: 192.168.1.18 Name: MSI FullName: MSI
2026-08-28 18:01:56,491 INFO o.a.j.JMeter: Setting property 'jmeter.reportgenerator.outputdir' to:'D:\Proyecto\evaluacion-IPLACEX\taller-pruebas-unitarias\performance\reporte-html'
2026-08-28 18:01:56,539 INFO o.a.j.s.FileServer: Default base='D:\Proyecto\evaluacion-IPLACEX\taller-pruebas-unitarias'
2026-08-28 18:01:56,540 INFO o.a.j.s.FileServer: Set new base='D:\Proyecto\evaluacion-IPLACEX\taller-pruebas-unitarias\performance'
2026-08-28 18:01:56,725 INFO o.a.j.s.SaveService: Testplan (JMX) version: 2.2. Testlog (JTL) version: 2.2
2026-08-28 18:01:56,743 INFO o.a.j.s.SaveService: Using SaveService properties version 5.0
2026-08-28 18:01:56,746 INFO o.a.j.s.SaveService: Using SaveService properties file encoding UTF-8
2026-08-28 18:01:56,749 INFO o.a.j.s.SaveService: Loading file: performance\division-test-plan.jmx
2026-08-28 18:01:56,792 INFO o.a.j.p.h.s.HTTPSamplerBase: Parser for text/html is org.apache.jmeter.protocol.http.parser.LagartoBasedHtmlParser
2026-08-28 18:01:56,792 INFO o.a.j.p.h.s.HTTPSamplerBase: Parser for application/xhtml+xml is org.apache.jmeter.protocol.http.parser.LagartoBasedHtmlParser
2026-08-28 18:01:56,792 INFO o.a.j.p.h.s.HTTPSamplerBase: Parser for application/xml is org.apache.jmeter.protocol.http.parser.LagartoBasedHtmlParser
2026-08-28 18:01:56,792 INFO o.a.j.p.h.s.HTTPSamplerBase: Parser for text/xml is org.apache.jmeter.protocol.http.parser.LagartoBasedHtmlParser
2026-08-28 18:01:56,792 INFO o.a.j.p.h.s.HTTPSamplerBase: Parser for text/vnd.wap.wml is org.apache.jmeter.protocol.http.parser.RegexpHTMLParser
2026-08-28 18:01:56,792 INFO o.a.j.p.h.s.HTTPSamplerBase: Parser for text/css is org.apache.jmeter.protocol.http.parser.CssParser
2026-08-28 18:01:56,805 INFO o.a.j.JMeter: Creating summariser <summary>
2026-08-28 18:01:56,807 INFO o.a.j.r.d.ReportGenerator: ReportGenerator will use for Parsing the separator: ','
2026-08-28 18:01:56,808 INFO o.a.j.r.d.ReportGenerator: Will generate report at end of test from  results file: performance/resultados.jtl
2026-08-28 18:01:56,808 INFO o.a.j.r.d.ReportGenerator: Reading report generator properties from: D:\apache-jmeter-5.6.3\bin\reportgenerator.properties
2026-08-28 18:01:56,812 INFO o.a.j.r.d.ReportGenerator: Merging with JMeter properties
2026-08-28 18:01:56,814 INFO o.a.j.r.c.ReportGeneratorConfiguration: Property 'jmeter.reportgenerator.temp_dir' not found, using default value 'temp' instead.
2026-08-28 18:01:56,816 INFO o.a.j.r.c.ReportGeneratorConfiguration: Property 'jmeter.reportgenerator.apdex_per_transaction' not found, using default value 'null' instead.
2026-08-28 18:01:56,816 INFO o.a.j.r.c.ReportGeneratorConfiguration: apdex_per_transaction is empty, not APDEX per transaction customization
2026-08-28 18:01:56,816 INFO o.a.j.r.c.ReportGeneratorConfiguration: Property 'jmeter.reportgenerator.sample_filter' not found, using default value 'null' instead.
2026-08-28 18:01:56,816 INFO o.a.j.r.c.ReportGeneratorConfiguration: Property 'jmeter.reportgenerator.report_title' not found, using default value 'null' instead.
2026-08-28 18:01:56,816 INFO o.a.j.r.c.ReportGeneratorConfiguration: Property 'jmeter.reportgenerator.start_date' not found, using default value 'null' instead.
2026-08-28 18:01:56,817 INFO o.a.j.r.c.ReportGeneratorConfiguration: Property 'jmeter.reportgenerator.end_date' not found, using default value 'null' instead.
2026-08-28 18:01:56,817 INFO o.a.j.r.c.ReportGeneratorConfiguration: Property 'jmeter.reportgenerator.date_format' not found, using default value 'null' instead.
2026-08-28 18:01:56,817 INFO o.a.j.r.c.ReportGeneratorConfiguration: Will use date range start date: null, end date: null
2026-08-28 18:01:56,820 INFO o.a.j.r.c.ReportGeneratorConfiguration: Property 'jmeter.reportgenerator.graph.totalTPS.exclude_controllers' not found, using default value 'false' instead.
2026-08-28 18:01:56,820 INFO o.a.j.r.c.ReportGeneratorConfiguration: Property 'jmeter.reportgenerator.graph.activeThreadsOverTime.exclude_controllers' not found, using default value 'false' instead.
2026-08-28 18:01:56,820 INFO o.a.j.r.c.ReportGeneratorConfiguration: Property 'jmeter.reportgenerator.graph.timeVsThreads.exclude_controllers' not found, using default value 'false' instead.
2026-08-28 18:01:56,821 INFO o.a.j.r.c.ReportGeneratorConfiguration: Property 'jmeter.reportgenerator.graph.responseTimeDistribution.exclude_controllers' not found, using default value 'false' instead.
2026-08-28 18:01:56,821 INFO o.a.j.r.c.ReportGeneratorConfiguration: Property 'jmeter.reportgenerator.graph.transactionsPerSecond.exclude_controllers' not found, using default value 'false' instead.
2026-08-28 18:01:56,821 INFO o.a.j.r.c.ReportGeneratorConfiguration: Property 'jmeter.reportgenerator.graph.responseTimePercentiles.exclude_controllers' not found, using default value 'false' instead.
2026-08-28 18:01:56,821 INFO o.a.j.r.c.ReportGeneratorConfiguration: Property 'jmeter.reportgenerator.graph.responseTimePercentilesOverTime.exclude_controllers' not found, using default value 'false' instead.
2026-08-28 18:01:56,821 INFO o.a.j.r.c.ReportGeneratorConfiguration: Property 'jmeter.reportgenerator.graph.responseTimesOverTime.exclude_controllers' not found, using default value 'false' instead.
2026-08-28 18:01:56,821 INFO o.a.j.r.c.ReportGeneratorConfiguration: Property 'jmeter.reportgenerator.graph.connectTimeOverTime.exclude_controllers' not found, using default value 'false' instead.
2026-08-28 18:01:56,821 INFO o.a.j.r.c.ReportGeneratorConfiguration: Property 'jmeter.reportgenerator.graph.latenciesOverTime.exclude_controllers' not found, using default value 'false' instead.
2026-08-28 18:01:56,822 INFO o.a.j.r.c.ReportGeneratorConfiguration: Property 'jmeter.reportgenerator.exporter.json.filters_only_sample_series' not found, using default value 'true' instead.
2026-08-28 18:01:56,822 INFO o.a.j.r.c.ReportGeneratorConfiguration: Property 'jmeter.reportgenerator.exporter.json.series_filter' not found, using default value '' instead.
2026-08-28 18:01:56,822 INFO o.a.j.r.c.ReportGeneratorConfiguration: Property 'jmeter.reportgenerator.exporter.json.show_controllers_only' not found, using default value 'false' instead.
2026-08-28 18:01:56,822 INFO o.a.j.r.c.ReportGeneratorConfiguration: Property 'jmeter.reportgenerator.exporter.html.filters_only_sample_series' not found, using default value 'true' instead.
2026-08-28 18:01:56,822 INFO o.a.j.r.c.ReportGeneratorConfiguration: Property 'jmeter.reportgenerator.exporter.html.series_filter' not found, using default value '' instead.
2026-08-28 18:01:56,822 INFO o.a.j.r.c.ReportGeneratorConfiguration: Property 'jmeter.reportgenerator.exporter.html.show_controllers_only' not found, using default value 'false' instead.
2026-08-28 18:01:56,835 INFO o.a.j.e.StandardJMeterEngine: Running the test!
2026-08-28 18:01:56,836 INFO o.a.j.s.SampleEvent: List of sample_variables: []
2026-08-28 18:01:56,836 INFO o.a.j.s.SampleEvent: List of sample_variables: []
2026-08-28 18:01:56,840 INFO o.a.j.e.u.CompoundVariable: Note: Function class names must contain the string: '.functions.'
2026-08-28 18:01:56,840 INFO o.a.j.e.u.CompoundVariable: Note: Function class names must not contain the string: '.gui.'
2026-08-28 18:01:56,893 INFO o.a.j.JMeter: Running test (1787954516893)
2026-08-28 18:01:56,906 INFO o.a.j.e.StandardJMeterEngine: Starting ThreadGroup: 1 : Usuarios Concurrentes
2026-08-28 18:01:56,907 INFO o.a.j.e.StandardJMeterEngine: Starting 20 threads for group Usuarios Concurrentes.
2026-08-28 18:01:56,907 INFO o.a.j.e.StandardJMeterEngine: Thread will continue on error
2026-08-28 18:01:56,907 INFO o.a.j.t.ThreadGroup: Starting thread group... number=1 threads=20 ramp-up=5 delayedStart=false
2026-08-28 18:01:56,915 INFO o.a.j.t.JMeterThread: Thread started: Usuarios Concurrentes 1-1
2026-08-28 18:01:56,919 INFO o.a.j.t.ThreadGroup: Started thread group number 1
2026-08-28 18:01:56,919 INFO o.a.j.e.StandardJMeterEngine: All thread groups have been started
2026-08-28 18:01:56,930 INFO o.a.j.p.h.s.HTTPHCAbstractImpl: Local host = MSI
2026-08-28 18:01:56,934 INFO o.a.j.p.h.s.HTTPHC4Impl: HTTP request retry count = 0
2026-08-28 18:01:56,935 INFO o.a.j.s.SampleResult: Note: Sample TimeStamps are START times
2026-08-28 18:01:56,935 INFO o.a.j.s.SampleResult: sampleresult.default.encoding is set to UTF-8
2026-08-28 18:01:56,935 INFO o.a.j.s.SampleResult: sampleresult.useNanoTime=true
2026-08-28 18:01:56,936 INFO o.a.j.s.SampleResult: sampleresult.nanoThreadSleep=5000
2026-08-28 18:01:57,117 INFO o.a.j.t.JMeterThread: Thread is done: Usuarios Concurrentes 1-1
2026-08-28 18:01:57,117 INFO o.a.j.t.JMeterThread: Thread finished: Usuarios Concurrentes 1-1
2026-08-28 18:01:57,161 INFO o.a.j.t.JMeterThread: Thread started: Usuarios Concurrentes 1-2
2026-08-28 18:01:57,221 INFO o.a.j.t.JMeterThread: Thread is done: Usuarios Concurrentes 1-2
2026-08-28 18:01:57,221 INFO o.a.j.t.JMeterThread: Thread finished: Usuarios Concurrentes 1-2
2026-08-28 18:01:57,411 INFO o.a.j.t.JMeterThread: Thread started: Usuarios Concurrentes 1-3
2026-08-28 18:01:57,465 INFO o.a.j.t.JMeterThread: Thread is done: Usuarios Concurrentes 1-3
2026-08-28 18:01:57,465 INFO o.a.j.t.JMeterThread: Thread finished: Usuarios Concurrentes 1-3
2026-08-28 18:01:57,661 INFO o.a.j.t.JMeterThread: Thread started: Usuarios Concurrentes 1-4
2026-08-28 18:01:57,713 INFO o.a.j.t.JMeterThread: Thread is done: Usuarios Concurrentes 1-4
2026-08-28 18:01:57,713 INFO o.a.j.t.JMeterThread: Thread finished: Usuarios Concurrentes 1-4
2026-08-28 18:01:57,909 INFO o.a.j.t.JMeterThread: Thread started: Usuarios Concurrentes 1-5
2026-08-28 18:01:57,958 INFO o.a.j.t.JMeterThread: Thread is done: Usuarios Concurrentes 1-5
2026-08-28 18:01:57,958 INFO o.a.j.t.JMeterThread: Thread finished: Usuarios Concurrentes 1-5
2026-08-28 18:01:58,160 INFO o.a.j.t.JMeterThread: Thread started: Usuarios Concurrentes 1-6
2026-08-28 18:01:58,203 INFO o.a.j.t.JMeterThread: Thread is done: Usuarios Concurrentes 1-6
2026-08-28 18:01:58,203 INFO o.a.j.t.JMeterThread: Thread finished: Usuarios Concurrentes 1-6
2026-08-28 18:01:58,410 INFO o.a.j.t.JMeterThread: Thread started: Usuarios Concurrentes 1-7
2026-08-28 18:01:58,458 INFO o.a.j.t.JMeterThread: Thread is done: Usuarios Concurrentes 1-7
2026-08-28 18:01:58,458 INFO o.a.j.t.JMeterThread: Thread finished: Usuarios Concurrentes 1-7
2026-08-28 18:01:58,659 INFO o.a.j.t.JMeterThread: Thread started: Usuarios Concurrentes 1-8
2026-08-28 18:01:58,696 INFO o.a.j.t.JMeterThread: Thread is done: Usuarios Concurrentes 1-8
2026-08-28 18:01:58,696 INFO o.a.j.t.JMeterThread: Thread finished: Usuarios Concurrentes 1-8
2026-08-28 18:01:58,909 INFO o.a.j.t.JMeterThread: Thread started: Usuarios Concurrentes 1-9
2026-08-28 18:01:58,949 INFO o.a.j.t.JMeterThread: Thread is done: Usuarios Concurrentes 1-9
2026-08-28 18:01:58,949 INFO o.a.j.t.JMeterThread: Thread finished: Usuarios Concurrentes 1-9
2026-08-28 18:01:59,157 INFO o.a.j.t.JMeterThread: Thread started: Usuarios Concurrentes 1-10
2026-08-28 18:01:59,204 INFO o.a.j.t.JMeterThread: Thread is done: Usuarios Concurrentes 1-10
2026-08-28 18:01:59,204 INFO o.a.j.t.JMeterThread: Thread finished: Usuarios Concurrentes 1-10
2026-08-28 18:01:59,407 INFO o.a.j.t.JMeterThread: Thread started: Usuarios Concurrentes 1-11
2026-08-28 18:01:59,446 INFO o.a.j.t.JMeterThread: Thread is done: Usuarios Concurrentes 1-11
2026-08-28 18:01:59,446 INFO o.a.j.t.JMeterThread: Thread finished: Usuarios Concurrentes 1-11
2026-08-28 18:01:59,658 INFO o.a.j.t.JMeterThread: Thread started: Usuarios Concurrentes 1-12
2026-08-28 18:01:59,694 INFO o.a.j.t.JMeterThread: Thread is done: Usuarios Concurrentes 1-12
2026-08-28 18:01:59,694 INFO o.a.j.t.JMeterThread: Thread finished: Usuarios Concurrentes 1-12
2026-08-28 18:01:59,908 INFO o.a.j.t.JMeterThread: Thread started: Usuarios Concurrentes 1-13
2026-08-28 18:01:59,954 INFO o.a.j.t.JMeterThread: Thread is done: Usuarios Concurrentes 1-13
2026-08-28 18:01:59,954 INFO o.a.j.t.JMeterThread: Thread finished: Usuarios Concurrentes 1-13
2026-08-28 18:02:00,158 INFO o.a.j.t.JMeterThread: Thread started: Usuarios Concurrentes 1-14
2026-08-28 18:02:00,170 INFO o.a.j.r.Summariser: summary +    521 in 00:00:03 =  159.3/s Avg:     1 Min:     0 Max:    60 Err:   260 (49.90%) Active: 1 Started: 14 Finished: 13
2026-08-28 18:02:00,204 INFO o.a.j.t.JMeterThread: Thread is done: Usuarios Concurrentes 1-14
2026-08-28 18:02:00,204 INFO o.a.j.t.JMeterThread: Thread finished: Usuarios Concurrentes 1-14
2026-08-28 18:02:00,409 INFO o.a.j.t.JMeterThread: Thread started: Usuarios Concurrentes 1-15
2026-08-28 18:02:00,441 INFO o.a.j.t.JMeterThread: Thread is done: Usuarios Concurrentes 1-15
2026-08-28 18:02:00,442 INFO o.a.j.t.JMeterThread: Thread finished: Usuarios Concurrentes 1-15
2026-08-28 18:02:00,659 INFO o.a.j.t.JMeterThread: Thread started: Usuarios Concurrentes 1-16
2026-08-28 18:02:00,691 INFO o.a.j.t.JMeterThread: Thread is done: Usuarios Concurrentes 1-16
2026-08-28 18:02:00,691 INFO o.a.j.t.JMeterThread: Thread finished: Usuarios Concurrentes 1-16
2026-08-28 18:02:00,911 INFO o.a.j.t.JMeterThread: Thread started: Usuarios Concurrentes 1-17
2026-08-28 18:02:00,942 INFO o.a.j.t.JMeterThread: Thread is done: Usuarios Concurrentes 1-17
2026-08-28 18:02:00,943 INFO o.a.j.t.JMeterThread: Thread finished: Usuarios Concurrentes 1-17
2026-08-28 18:02:01,158 INFO o.a.j.t.JMeterThread: Thread started: Usuarios Concurrentes 1-18
2026-08-28 18:02:01,194 INFO o.a.j.t.JMeterThread: Thread is done: Usuarios Concurrentes 1-18
2026-08-28 18:02:01,194 INFO o.a.j.t.JMeterThread: Thread finished: Usuarios Concurrentes 1-18
2026-08-28 18:02:01,408 INFO o.a.j.t.JMeterThread: Thread started: Usuarios Concurrentes 1-19
2026-08-28 18:02:01,442 INFO o.a.j.t.JMeterThread: Thread is done: Usuarios Concurrentes 1-19
2026-08-28 18:02:01,442 INFO o.a.j.t.JMeterThread: Thread finished: Usuarios Concurrentes 1-19
2026-08-28 18:02:01,658 INFO o.a.j.t.JMeterThread: Thread started: Usuarios Concurrentes 1-20
2026-08-28 18:02:01,691 INFO o.a.j.t.JMeterThread: Thread is done: Usuarios Concurrentes 1-20
2026-08-28 18:02:01,691 INFO o.a.j.t.JMeterThread: Thread finished: Usuarios Concurrentes 1-20
2026-08-28 18:02:01,691 INFO o.a.j.e.StandardJMeterEngine: Notifying test listeners of end of test
2026-08-28 18:02:01,693 INFO o.a.j.r.Summariser: summary +    279 in 00:00:02 =  182.4/s Avg:     0 Min:     0 Max:     3 Err:   140 (50.18%) Active: 0 Started: 20 Finished: 20
2026-08-28 18:02:01,693 INFO o.a.j.r.Summariser: summary =    800 in 00:00:05 =  166.7/s Avg:     0 Min:     0 Max:    60 Err:   400 (50.00%)
2026-08-28 18:02:01,693 INFO o.a.j.JMeter: Generating Dashboard
2026-08-28 18:02:01,693 INFO o.a.j.r.d.ReportGenerator: Flushing result collector before report Generation
2026-08-28 18:02:01,704 INFO o.a.j.r.p.NormalizerSampleConsumer: Using format, 'ms', to parse timeStamp field
2026-08-28 18:02:01,808 INFO o.a.j.r.p.AbstractSampleConsumer: class org.apache.jmeter.report.processor.AggregateConsumer#stopProducing(): beginDate produced 0 samples
2026-08-28 18:02:01,808 INFO o.a.j.r.p.AbstractSampleConsumer: class org.apache.jmeter.report.processor.AggregateConsumer#stopProducing(): endDate produced 0 samples
2026-08-28 18:02:01,809 INFO o.a.j.r.p.AbstractSampleConsumer: class org.apache.jmeter.report.processor.ApdexSummaryConsumer#stopProducing(): apdexSummary produced 0 samples
2026-08-28 18:02:01,810 INFO o.a.j.r.p.AbstractSampleConsumer: class org.apache.jmeter.report.processor.RequestsSummaryConsumer#stopProducing(): requestsSummary produced 0 samples
2026-08-28 18:02:01,813 INFO o.a.j.r.p.AbstractSampleConsumer: class org.apache.jmeter.report.processor.StatisticsSummaryConsumer#stopProducing(): statisticsSummary produced 0 samples
2026-08-28 18:02:01,814 INFO o.a.j.r.p.AbstractSampleConsumer: class org.apache.jmeter.report.processor.Top5ErrorsBySamplerConsumer#stopProducing(): top5ErrorsBySampler produced 0 samples
2026-08-28 18:02:01,815 INFO o.a.j.r.p.AbstractSampleConsumer: class org.apache.jmeter.report.processor.ErrorsSummaryConsumer#stopProducing(): errorsSummary produced 0 samples
2026-08-28 18:02:01,815 INFO o.a.j.r.p.AbstractSampleConsumer: class org.apache.jmeter.report.processor.graph.impl.HitsPerSecondGraphConsumer#stopProducing(): hitsPerSecond produced 0 samples
2026-08-28 18:02:01,835 INFO o.a.j.r.p.AbstractSampleConsumer: class org.apache.jmeter.report.processor.graph.impl.LatencyVSRequestGraphConsumer#stopProducing(): latencyVsRequest produced 0 samples
2026-08-28 18:02:01,835 INFO o.a.j.r.p.AbstractSampleConsumer: class org.apache.jmeter.report.processor.graph.impl.SyntheticResponseTimeDistributionGraphConsumer#stopProducing(): syntheticResponseTimeDistribution produced 0 samples
2026-08-28 18:02:01,835 INFO o.a.j.r.p.AbstractSampleConsumer: class org.apache.jmeter.report.processor.graph.impl.BytesThroughputGraphConsumer#stopProducing(): bytesThroughputOverTime produced 0 samples
2026-08-28 18:02:01,835 INFO o.a.j.r.p.AbstractSampleConsumer: class org.apache.jmeter.report.processor.graph.impl.CodesPerSecondGraphConsumer#stopProducing(): codesPerSecond produced 0 samples
2026-08-28 18:02:01,844 INFO o.a.j.r.p.AbstractSampleConsumer: class org.apache.jmeter.report.processor.graph.impl.ResponseTimeVSRequestGraphConsumer#stopProducing(): responseTimeVsRequest produced 0 samples
2026-08-28 18:02:01,844 INFO o.a.j.r.p.AbstractSampleConsumer: class org.apache.jmeter.report.processor.FilterConsumer#stopProducing(): startIntervalControlerFilter produced 5600 samples
2026-08-28 18:02:01,844 INFO o.a.j.r.p.AbstractSampleConsumer: class org.apache.jmeter.report.processor.graph.impl.TotalTPSGraphConsumer#stopProducing(): totalTPS produced 0 samples
2026-08-28 18:02:01,844 INFO o.a.j.r.p.AbstractSampleConsumer: class org.apache.jmeter.report.processor.graph.impl.ActiveThreadsGraphConsumer#stopProducing(): activeThreadsOverTime produced 0 samples
2026-08-28 18:02:01,844 INFO o.a.j.r.p.AbstractSampleConsumer: class org.apache.jmeter.report.processor.graph.impl.TimeVSThreadGraphConsumer#stopProducing(): timeVsThreads produced 0 samples
2026-08-28 18:02:01,845 INFO o.a.j.r.p.AbstractSampleConsumer: class org.apache.jmeter.report.processor.graph.impl.ResponseTimeDistributionGraphConsumer#stopProducing(): responseTimeDistribution produced 0 samples
2026-08-28 18:02:01,845 INFO o.a.j.r.p.AbstractSampleConsumer: class org.apache.jmeter.report.processor.graph.impl.TransactionsPerSecondGraphConsumer#stopProducing(): transactionsPerSecond produced 0 samples
2026-08-28 18:02:01,845 INFO o.a.j.r.p.AbstractSampleConsumer: class org.apache.jmeter.report.processor.graph.impl.ResponseTimePercentilesGraphConsumer#stopProducing(): responseTimePercentiles produced 0 samples
2026-08-28 18:02:01,845 INFO o.a.j.r.p.AbstractSampleConsumer: class org.apache.jmeter.report.processor.graph.impl.ResponseTimePercentilesOverTimeGraphConsumer#stopProducing(): responseTimePercentilesOverTime produced 0 samples
2026-08-28 18:02:01,845 INFO o.a.j.r.p.AbstractSampleConsumer: class org.apache.jmeter.report.processor.graph.impl.ResponseTimeOverTimeGraphConsumer#stopProducing(): responseTimesOverTime produced 0 samples
2026-08-28 18:02:01,845 INFO o.a.j.r.p.AbstractSampleConsumer: class org.apache.jmeter.report.processor.graph.impl.ConnectTimeOverTimeGraphConsumer#stopProducing(): connectTimeOverTime produced 0 samples
2026-08-28 18:02:01,846 INFO o.a.j.r.p.AbstractSampleConsumer: class org.apache.jmeter.report.processor.graph.impl.LatencyOverTimeGraphConsumer#stopProducing(): latenciesOverTime produced 0 samples
2026-08-28 18:02:01,846 INFO o.a.j.r.p.AbstractSampleConsumer: class org.apache.jmeter.report.processor.FilterConsumer#stopProducing(): nameFilter produced 12000 samples
2026-08-28 18:02:01,846 INFO o.a.j.r.p.AbstractSampleConsumer: class org.apache.jmeter.report.processor.FilterConsumer#stopProducing(): dateRangeFilter produced 2400 samples
2026-08-28 18:02:01,846 INFO o.a.j.r.p.AbstractSampleConsumer: class org.apache.jmeter.report.processor.NormalizerSampleConsumer#stopProducing(): normalizer produced 800 samples
2026-08-28 18:02:01,846 INFO o.a.j.r.p.CsvFileSampleSource: produce(): 800 samples produced in 119ms on channel 0
2026-08-28 18:02:01,846 INFO o.a.j.r.d.ReportGenerator: Exporting data using exporter:'json' of className:'org.apache.jmeter.report.dashboard.JsonExporter'
2026-08-28 18:02:01,921 INFO o.a.j.r.d.JsonExporter: Found data for consumer statisticsSummary in context
2026-08-28 18:02:01,921 INFO o.a.j.r.d.JsonExporter: Creating statistics for overall
2026-08-28 18:02:01,921 INFO o.a.j.r.d.JsonExporter: Creating statistics for other transactions
2026-08-28 18:02:01,922 INFO o.a.j.r.d.JsonExporter: Checking output folder
2026-08-28 18:02:01,922 INFO o.a.j.r.d.JsonExporter: Writing statistics JSON to D:\Proyecto\evaluacion-IPLACEX\taller-pruebas-unitarias\performance\reporte-html\statistics.json
2026-08-28 18:02:01,954 INFO o.a.j.r.d.ReportGenerator: Exporting data using exporter:'html' of className:'org.apache.jmeter.report.dashboard.HtmlTemplateExporter'
2026-08-28 18:02:01,956 INFO o.a.j.r.d.HtmlTemplateExporter: Will generate dashboard in folder: D:\Proyecto\evaluacion-IPLACEX\taller-pruebas-unitarias\performance\reporte-html
2026-08-28 18:02:02,036 INFO o.a.j.r.d.HtmlTemplateExporter: Report will be generated in: D:\Proyecto\evaluacion-IPLACEX\taller-pruebas-unitarias\performance\reporte-html, creating folder structure
2026-08-28 18:02:02,039 INFO o.a.j.r.d.TemplateVisitor: Copying folder from 'D:\apache-jmeter-5.6.3\bin\report-template' to 'D:\Proyecto\evaluacion-IPLACEX\taller-pruebas-unitarias\performance\reporte-html', got message: D:\Proyecto\evaluacion-IPLACEX\taller-pruebas-unitarias\performance\reporte-html, found non empty folder with following content [D:\Proyecto\evaluacion-IPLACEX\taller-pruebas-unitarias\performance\reporte-html\statistics.json], will be ignored
2026-08-28 18:02:02,375 INFO o.a.j.JMeter: Dashboard generated
